(Worker_DP4_EP4 pid=1114872) [DEBUG] FusedMoE.layer_id property called (PID: 1114872), layer_name: 'model.layers.2.block_sparse_moe.experts', extracted layer_id: 2
(Worker_DP4_EP4 pid=1114872) [DEBUG] FusedMoE.layer_id property called (PID: 1114872), layer_name: 'model.layers.3.block_sparse_moe.experts', extracted layer_id: 3
(Worker_DP4_EP4 pid=1114872) [DEBUG] FusedMoE.layer_id property called (PID: 1114872), layer_name: 'model.layers.4.block_sparse_moe.experts', extracted layer_id: 4
(Worker_DP4_EP4 pid=1114872) [DEBUG] FusedMoE.layer_id property called (PID: 1114872), layer_name: 'model.layers.5.block_sparse_moe.experts', extracted layer_id: 5
(Worker_DP4_EP4 pid=1114872) [DEBUG] FusedMoE.layer_id property called (PID: 1114872), layer_name: 'model.layers.6.block_sparse_moe.experts', extracted layer_id: 6
(Worker_DP4_EP4 pid=1114872) [DEBUG] FusedMoE.layer_id property called (PID: 1114872), layer_name: 'model.layers.7.block_sparse_moe.experts', extracted layer_id: 7
(Worker_DP4_EP4 pid=1114872) [DEBUG] FusedMoE.layer_id property called (PID: 1114872), layer_name: 'model.layers.8.block_sparse_moe.experts', extracted layer_id: 8
(Worker_DP4_EP4 pid=1114872) [DEBUG] FusedMoE.layer_id property called (PID: 1114872), layer_name: 'model.layers.9.block_sparse_moe.experts', extracted layer_id: 9
(Worker_DP4_EP4 pid=1114872) [DEBUG] FusedMoE.layer_id property called (PID: 1114872), layer_name: 'model.layers.10.block_sparse_moe.experts', extracted layer_id: 10
(Worker_DP4_EP4 pid=1114872) [DEBUG] FusedMoE.layer_id property called (PID: 1114872), layer_name: 'model.layers.11.block_sparse_moe.experts', extracted layer_id: 11
(Worker_DP4_EP4 pid=1114872) [DEBUG] FusedMoE.layer_id property called (PID: 1114872), layer_name: 'model.layers.12.block_sparse_moe.experts', extracted layer_id: 12
(Worker_DP4_EP4 pid=1114872) [DEBUG] FusedMoE.layer_id property called (PID: 1114872), layer_name: 'model.layers.13.block_sparse_moe.experts', extracted layer_id: 13
(Worker_DP4_EP4 pid=1114872) [DEBUG] FusedMoE.layer_id property called (PID: 1114872), layer_name: 'model.layers.14.block_sparse_moe.experts', extracted layer_id: 14
(Worker_DP4_EP4 pid=1114872) [DEBUG] FusedMoE.layer_id property called (PID: 1114872), layer_name: 'model.layers.15.block_sparse_moe.experts', extracted layer_id: 15
(Worker_DP4_EP4 pid=1114872) [DEBUG] FusedMoE.layer_id property called (PID: 1114872), layer_name: 'model.layers.16.block_sparse_moe.experts', extracted layer_id: 16
(Worker_DP4_EP4 pid=1114872) [DEBUG] FusedMoE.layer_id property called (PID: 1114872), layer_name: 'model.layers.17.block_sparse_moe.experts', extracted layer_id: 17
(Worker_DP4_EP4 pid=1114872) [DEBUG] FusedMoE.layer_id property called (PID: 1114872), layer_name: 'model.layers.18.block_sparse_moe.experts', extracted layer_id: 18
(Worker_DP4_EP4 pid=1114872) [DEBUG] FusedMoE.layer_id property called (PID: 1114872), layer_name: 'model.layers.19.block_sparse_moe.experts', extracted layer_id: 19
(Worker_DP4_EP4 pid=1114872) [DEBUG] FusedMoE.layer_id property called (PID: 1114872), layer_name: 'model.layers.20.block_sparse_moe.experts', extracted layer_id: 20
(Worker_DP4_EP4 pid=1114872) [DEBUG] FusedMoE.layer_id property called (PID: 1114872), layer_name: 'model.layers.21.block_sparse_moe.experts', extracted layer_id: 21
(Worker_DP4_EP4 pid=1114872) [DEBUG] FusedMoE.layer_id property called (PID: 1114872), layer_name: 'model.layers.22.block_sparse_moe.experts', extracted layer_id: 22
(Worker_DP4_EP4 pid=1114872) [DEBUG] FusedMoE.layer_id property called (PID: 1114872), layer_name: 'model.layers.23.block_sparse_moe.experts', extracted layer_id: 23
(Worker_DP4_EP4 pid=1114872) [DEBUG] FusedMoE.layer_id property called (PID: 1114872), layer_name: 'model.layers.24.block_sparse_moe.experts', extracted layer_id: 24
(Worker_DP4_EP4 pid=1114872) [DEBUG] FusedMoE.layer_id property called (PID: 1114872), layer_name: 'model.layers.25.block_sparse_moe.experts', extracted layer_id: 25
(Worker_DP4_EP4 pid=1114872) [DEBUG] FusedMoE.layer_id property called (PID: 1114872), layer_name: 'model.layers.26.block_sparse_moe.experts', extracted layer_id: 26
(Worker_DP4_EP4 pid=1114872) [DEBUG] FusedMoE.layer_id property called (PID: 1114872), layer_name: 'model.layers.27.block_sparse_moe.experts', extracted layer_id: 27
(Worker_DP4_EP4 pid=1114872) [DEBUG] FusedMoE.layer_id property called (PID: 1114872), layer_name: 'model.layers.28.block_sparse_moe.experts', extracted layer_id: 28
(Worker_DP4_EP4 pid=1114872) [DEBUG] FusedMoE.layer_id property called (PID: 1114872), layer_name: 'model.layers.29.block_sparse_moe.experts', extracted layer_id: 29
(Worker_DP4_EP4 pid=1114872) [DEBUG] FusedMoE.layer_id property called (PID: 1114872), layer_name: 'model.layers.30.block_sparse_moe.experts', extracted layer_id: 30
(Worker_DP4_EP4 pid=1114872) [DEBUG] FusedMoE.layer_id property called (PID: 1114872), layer_name: 'model.layers.31.block_sparse_moe.experts', extracted layer_id: 31
(Worker_DP4_EP4 pid=1114872) WARNING 04-01 20:25:46 [custom_policy.py:60] Config path None not found. Falling back to default.
(Worker_DP2_EP2 pid=1114873) [DEBUG] FusedMoE.layer_id property called (PID: 1114873), layer_name: 'model.layers.0.block_sparse_moe.experts', extracted layer_id: 0
(Worker_DP2_EP2 pid=1114873) [DEBUG] FusedMoE.layer_id property called (PID: 1114873), layer_name: 'model.layers.1.block_sparse_moe.experts', extracted layer_id: 1
(Worker_DP2_EP2 pid=1114873) [DEBUG] FusedMoE.layer_id property called (PID: 1114873), layer_name: 'model.layers.2.block_sparse_moe.experts', extracted layer_id: 2
(Worker_DP2_EP2 pid=1114873) [DEBUG] FusedMoE.layer_id property called (PID: 1114873), layer_name: 'model.layers.3.block_sparse_moe.experts', extracted layer_id: 3
(Worker_DP2_EP2 pid=1114873) [DEBUG] FusedMoE.layer_id property called (PID: 1114873), layer_name: 'model.layers.4.block_sparse_moe.experts', extracted layer_id: 4
(Worker_DP2_EP2 pid=1114873) [DEBUG] FusedMoE.layer_id property called (PID: 1114873), layer_name: 'model.layers.5.block_sparse_moe.experts', extracted layer_id: 5
(Worker_DP2_EP2 pid=1114873) [DEBUG] FusedMoE.layer_id property called (PID: 1114873), layer_name: 'model.layers.6.block_sparse_moe.experts', extracted layer_id: 6
(Worker_DP2_EP2 pid=1114873) [DEBUG] FusedMoE.layer_id property called (PID: 1114873), layer_name: 'model.layers.7.block_sparse_moe.experts', extracted layer_id: 7
(Worker_DP2_EP2 pid=1114873) [DEBUG] FusedMoE.layer_id property called (PID: 1114873), layer_name: 'model.layers.8.block_sparse_moe.experts', extracted layer_id: 8
(Worker_DP2_EP2 pid=1114873) [DEBUG] FusedMoE.layer_id property called (PID: 1114873), layer_name: 'model.layers.9.block_sparse_moe.experts', extracted layer_id: 9
(Worker_DP2_EP2 pid=1114873) [DEBUG] FusedMoE.layer_id property called (PID: 1114873), layer_name: 'model.layers.10.block_sparse_moe.experts', extracted layer_id: 10
(Worker_DP2_EP2 pid=1114873) [DEBUG] FusedMoE.layer_id property called (PID: 1114873), layer_name: 'model.layers.11.block_sparse_moe.experts', extracted layer_id: 11
(Worker_DP2_EP2 pid=1114873) [DEBUG] FusedMoE.layer_id property called (PID: 1114873), layer_name: 'model.layers.12.block_sparse_moe.experts', extracted layer_id: 12
(Worker_DP2_EP2 pid=1114873) [DEBUG] FusedMoE.layer_id property called (PID: 1114873), layer_name: 'model.layers.13.block_sparse_moe.experts', extracted layer_id: 13
(Worker_DP2_EP2 pid=1114873) [DEBUG] FusedMoE.layer_id property called (PID: 1114873), layer_name: 'model.layers.14.block_sparse_moe.experts', extracted layer_id: 14
(Worker_DP2_EP2 pid=1114873) [DEBUG] FusedMoE.layer_id property called (PID: 1114873), layer_name: 'model.layers.15.block_sparse_moe.experts', extracted layer_id: 15
(Worker_DP2_EP2 pid=1114873) [DEBUG] FusedMoE.layer_id property called (PID: 1114873), layer_name: 'model.layers.16.block_sparse_moe.experts', extracted layer_id: 16
(Worker_DP2_EP2 pid=1114873) [DEBUG] FusedMoE.layer_id property called (PID: 1114873), layer_name: 'model.layers.17.block_sparse_moe.experts', extracted layer_id: 17
(Worker_DP2_EP2 pid=1114873) [DEBUG] FusedMoE.layer_id property called (PID: 1114873), layer_name: 'model.layers.18.block_sparse_moe.experts', extracted layer_id: 18
(Worker_DP2_EP2 pid=1114873) [DEBUG] FusedMoE.layer_id property called (PID: 1114873), layer_name: 'model.layers.19.block_sparse_moe.experts', extracted layer_id: 19
(Worker_DP2_EP2 pid=1114873) [DEBUG] FusedMoE.layer_id property called (PID: 1114873), layer_name: 'model.layers.20.block_sparse_moe.experts', extracted layer_id: 20
(Worker_DP2_EP2 pid=1114873) [DEBUG] FusedMoE.layer_id property called (PID: 1114873), layer_name: 'model.layers.21.block_sparse_moe.experts', extracted layer_id: 21
(Worker_DP2_EP2 pid=1114873) [DEBUG] FusedMoE.layer_id property called (PID: 1114873), layer_name: 'model.layers.22.block_sparse_moe.experts', extracted layer_id: 22
(Worker_DP2_EP2 pid=1114873) [DEBUG] FusedMoE.layer_id property called (PID: 1114873), layer_name: 'model.layers.23.block_sparse_moe.experts', extracted layer_id: 23
(Worker_DP2_EP2 pid=1114873) [DEBUG] FusedMoE.layer_id property called (PID: 1114873), layer_name: 'model.layers.24.block_sparse_moe.experts', extracted layer_id: 24
(Worker_DP2_EP2 pid=1114873) [DEBUG] FusedMoE.layer_id property called (PID: 1114873), layer_name: 'model.layers.25.block_sparse_moe.experts', extracted layer_id: 25
(Worker_DP2_EP2 pid=1114873) [DEBUG] FusedMoE.layer_id property called (PID: 1114873), layer_name: 'model.layers.26.block_sparse_moe.experts', extracted layer_id: 26
(Worker_DP2_EP2 pid=1114873) [DEBUG] FusedMoE.layer_id property called (PID: 1114873), layer_name: 'model.layers.27.block_sparse_moe.experts', extracted layer_id: 27
(Worker_DP2_EP2 pid=1114873) [DEBUG] FusedMoE.layer_id property called (PID: 1114873), layer_name: 'model.layers.28.block_sparse_moe.experts', extracted layer_id: 28
(Worker_DP2_EP2 pid=1114873) [DEBUG] FusedMoE.layer_id property called (PID: 1114873), layer_name: 'model.layers.29.block_sparse_moe.experts', extracted layer_id: 29
(Worker_DP2_EP2 pid=1114873) [DEBUG] FusedMoE.layer_id property called (PID: 1114873), layer_name: 'model.layers.30.block_sparse_moe.experts', extracted layer_id: 30
(Worker_DP2_EP2 pid=1114873) [DEBUG] FusedMoE.layer_id property called (PID: 1114873), layer_name: 'model.layers.31.block_sparse_moe.experts', extracted layer_id: 31
(Worker_DP2_EP2 pid=1114873) WARNING 04-01 20:25:46 [custom_policy.py:60] Config path None not found. Falling back to default.
(Worker_DP6_EP6 pid=1114869) [DEBUG] FusedMoE.layer_id property called (PID: 1114869), layer_name: 'model.layers.0.block_sparse_moe.experts', extracted layer_id: 0
(Worker_DP6_EP6 pid=1114869) [DEBUG] FusedMoE.layer_id property called (PID: 1114869), layer_name: 'model.layers.1.block_sparse_moe.experts', extracted layer_id: 1
(Worker_DP6_EP6 pid=1114869) [DEBUG] FusedMoE.layer_id property called (PID: 1114869), layer_name: 'model.layers.2.block_sparse_moe.experts', extracted layer_id: 2
(Worker_DP6_EP6 pid=1114869) [DEBUG] FusedMoE.layer_id property called (PID: 1114869), layer_name: 'model.layers.3.block_sparse_moe.experts', extracted layer_id: 3
(Worker_DP6_EP6 pid=1114869) [DEBUG] FusedMoE.layer_id property called (PID: 1114869), layer_name: 'model.layers.4.block_sparse_moe.experts', extracted layer_id: 4
(Worker_DP6_EP6 pid=1114869) [DEBUG] FusedMoE.layer_id property called (PID: 1114869), layer_name: 'model.layers.5.block_sparse_moe.experts', extracted layer_id: 5
(Worker_DP6_EP6 pid=1114869) [DEBUG] FusedMoE.layer_id property called (PID: 1114869), layer_name: 'model.layers.6.block_sparse_moe.experts', extracted layer_id: 6
(Worker_DP6_EP6 pid=1114869) [DEBUG] FusedMoE.layer_id property called (PID: 1114869), layer_name: 'model.layers.7.block_sparse_moe.experts', extracted layer_id: 7
(Worker_DP6_EP6 pid=1114869) [DEBUG] FusedMoE.layer_id property called (PID: 1114869), layer_name: 'model.layers.8.block_sparse_moe.experts', extracted layer_id: 8
(Worker_DP6_EP6 pid=1114869) [DEBUG] FusedMoE.layer_id property called (PID: 1114869), layer_name: 'model.layers.9.block_sparse_moe.experts', extracted layer_id: 9
(Worker_DP6_EP6 pid=1114869) [DEBUG] FusedMoE.layer_id property called (PID: 1114869), layer_name: 'model.layers.10.block_sparse_moe.experts', extracted layer_id: 10
(Worker_DP6_EP6 pid=1114869) [DEBUG] FusedMoE.layer_id property called (PID: 1114869), layer_name: 'model.layers.11.block_sparse_moe.experts', extracted layer_id: 11
(Worker_DP6_EP6 pid=1114869) [DEBUG] FusedMoE.layer_id property called (PID: 1114869), layer_name: 'model.layers.12.block_sparse_moe.experts', extracted layer_id: 12
(Worker_DP6_EP6 pid=1114869) [DEBUG] FusedMoE.layer_id property called (PID: 1114869), layer_name: 'model.layers.13.block_sparse_moe.experts', extracted layer_id: 13
(Worker_DP6_EP6 pid=1114869) [DEBUG] FusedMoE.layer_id property called (PID: 1114869), layer_name: 'model.layers.14.block_sparse_moe.experts', extracted layer_id: 14
(Worker_DP6_EP6 pid=1114869) [DEBUG] FusedMoE.layer_id property called (PID: 1114869), layer_name: 'model.layers.15.block_sparse_moe.experts', extracted layer_id: 15
(Worker_DP6_EP6 pid=1114869) [DEBUG] FusedMoE.layer_id property called (PID: 1114869), layer_name: 'model.layers.16.block_sparse_moe.experts', extracted layer_id: 16
(Worker_DP6_EP6 pid=1114869) [DEBUG] FusedMoE.layer_id property called (PID: 1114869), layer_name: 'model.layers.17.block_sparse_moe.experts', extracted layer_id: 17
(Worker_DP6_EP6 pid=1114869) [DEBUG] FusedMoE.layer_id property called (PID: 1114869), layer_name: 'model.layers.18.block_sparse_moe.experts', extracted layer_id: 18
(Worker_DP6_EP6 pid=1114869) [DEBUG] FusedMoE.layer_id property called (PID: 1114869), layer_name: 'model.layers.19.block_sparse_moe.experts', extracted layer_id: 19
(Worker_DP6_EP6 pid=1114869) [DEBUG] FusedMoE.layer_id property called (PID: 1114869), layer_name: 'model.layers.20.block_sparse_moe.experts', extracted layer_id: 20
(Worker_DP6_EP6 pid=1114869) [DEBUG] FusedMoE.layer_id property called (PID: 1114869), layer_name: 'model.layers.21.block_sparse_moe.experts', extracted layer_id: 21
(Worker_DP6_EP6 pid=1114869) [DEBUG] FusedMoE.layer_id property called (PID: 1114869), layer_name: 'model.layers.22.block_sparse_moe.experts', extracted layer_id: 22
(Worker_DP6_EP6 pid=1114869) [DEBUG] FusedMoE.layer_id property called (PID: 1114869), layer_name: 'model.layers.23.block_sparse_moe.experts', extracted layer_id: 23
(Worker_DP6_EP6 pid=1114869) [DEBUG] FusedMoE.layer_id property called (PID: 1114869), layer_name: 'model.layers.24.block_sparse_moe.experts', extracted layer_id: 24
(Worker_DP6_EP6 pid=1114869) [DEBUG] FusedMoE.layer_id property called (PID: 1114869), layer_name: 'model.layers.25.block_sparse_moe.experts', extracted layer_id: 25
(Worker_DP6_EP6 pid=1114869) [DEBUG] FusedMoE.layer_id property called (PID: 1114869), layer_name: 'model.layers.26.block_sparse_moe.experts', extracted layer_id: 26
(Worker_DP6_EP6 pid=1114869) [DEBUG] FusedMoE.layer_id property called (PID: 1114869), layer_name: 'model.layers.27.block_sparse_moe.experts', extracted layer_id: 27
(Worker_DP6_EP6 pid=1114869) [DEBUG] FusedMoE.layer_id property called (PID: 1114869), layer_name: 'model.layers.28.block_sparse_moe.experts', extracted layer_id: 28
(Worker_DP6_EP6 pid=1114869) [DEBUG] FusedMoE.layer_id property called (PID: 1114869), layer_name: 'model.layers.29.block_sparse_moe.experts', extracted layer_id: 29
(Worker_DP6_EP6 pid=1114869) [DEBUG] FusedMoE.layer_id property called (PID: 1114869), layer_name: 'model.layers.30.block_sparse_moe.experts', extracted layer_id: 30
(Worker_DP6_EP6 pid=1114869) [DEBUG] FusedMoE.layer_id property called (PID: 1114869), layer_name: 'model.layers.31.block_sparse_moe.experts', extracted layer_id: 31
(Worker_DP6_EP6 pid=1114869) WARNING 04-01 20:25:46 [custom_policy.py:60] Config path None not found. Falling back to default.
(Worker_DP0_EP0 pid=1114870) INFO 04-01 20:25:46 [custom_policy.py:174] Expert movement check: no experts moved (placement unchanged).
(Worker_DP0_EP0 pid=1114870) INFO 04-01 20:25:46 [custom_policy.py:215] [EPLB step 0] GPU0:[0]  GPU1:[1]  GPU2:[2]  GPU3:[3]  GPU4:[4]  GPU5:[5]  GPU6:[6]  GPU7:[7]
(Worker_DP0_EP0 pid=1114870) /home/deeksha/eplb-expert/.venv/lib/python3.12/site-packages/torch/distributed/c10d_logger.py:83: UserWarning: barrier(): using the device under current context. You can specify `device_id` in `init_process_group` to mute this warning.
(Worker_DP0_EP0 pid=1114870)   return func(*args, **kwargs)
[rank0]:[W401 20:25:46.563008594 ProcessGroupNCCL.cpp:5138] Guessing device ID based on global rank. This can cause a hang if rank to GPU mapping is heterogeneous. You can specify device_id in init_process_group()
(Worker_DP0_EP0 pid=1114870) INFO 04-01 20:25:46 [eplb_state.py:771] Rearranged experts  (profile)  in 0.86 s.
(EngineCore_DP3 pid=1114784) INFO 04-01 20:25:47 [kv_cache_utils.py:1319] GPU KV cache size: 4,608 tokens
(EngineCore_DP3 pid=1114784) INFO 04-01 20:25:47 [kv_cache_utils.py:1324] Maximum concurrency for 512 tokens per request: 9.00x
(EngineCore_DP2 pid=1114819) INFO 04-01 20:25:47 [kv_cache_utils.py:1319] GPU KV cache size: 4,992 tokens
(EngineCore_DP2 pid=1114819) INFO 04-01 20:25:47 [kv_cache_utils.py:1324] Maximum concurrency for 512 tokens per request: 9.75x
(EngineCore_DP1 pid=1114760) INFO 04-01 20:25:47 [kv_cache_utils.py:1319] GPU KV cache size: 4,608 tokens
(EngineCore_DP1 pid=1114760) INFO 04-01 20:25:47 [kv_cache_utils.py:1324] Maximum concurrency for 512 tokens per request: 9.00x
(EngineCore_DP7 pid=1114773) INFO 04-01 20:25:47 [kv_cache_utils.py:1319] GPU KV cache size: 4,608 tokens
(EngineCore_DP4 pid=1114815) INFO 04-01 20:25:47 [kv_cache_utils.py:1319] GPU KV cache size: 4,992 tokens
(EngineCore_DP7 pid=1114773) INFO 04-01 20:25:47 [kv_cache_utils.py:1324] Maximum concurrency for 512 tokens per request: 9.00x
(EngineCore_DP4 pid=1114815) INFO 04-01 20:25:47 [kv_cache_utils.py:1324] Maximum concurrency for 512 tokens per request: 9.75x
(EngineCore_DP6 pid=1114776) INFO 04-01 20:25:47 [kv_cache_utils.py:1319] GPU KV cache size: 4,992 tokens
(EngineCore_DP6 pid=1114776) INFO 04-01 20:25:47 [kv_cache_utils.py:1324] Maximum concurrency for 512 tokens per request: 9.75x
(Worker_DP0_EP0 pid=1114870) INFO 04-01 20:25:47 [gpu_worker.py:436] Available KV cache memory: 0.61 GiB
(EngineCore_DP0 pid=1114796) INFO 04-01 20:25:47 [kv_cache_utils.py:1319] GPU KV cache size: 4,992 tokens
(EngineCore_DP0 pid=1114796) INFO 04-01 20:25:47 [kv_cache_utils.py:1324] Maximum concurrency for 512 tokens per request: 9.75x
(EngineCore_DP5 pid=1114799) INFO 04-01 20:25:47 [kv_cache_utils.py:1319] GPU KV cache size: 4,608 tokens
(EngineCore_DP5 pid=1114799) INFO 04-01 20:25:47 [kv_cache_utils.py:1324] Maximum concurrency for 512 tokens per request: 9.00x
(EngineCore_DP1 pid=1114760) INFO 04-01 20:25:47 [core.py:283] init engine (profile, create kv cache, warmup model) took 6.12 seconds
(EngineCore_DP5 pid=1114799) INFO 04-01 20:25:47 [core.py:283] init engine (profile, create kv cache, warmup model) took 5.40 seconds
(EngineCore_DP2 pid=1114819) INFO 04-01 20:25:47 [core.py:283] init engine (profile, create kv cache, warmup model) took 5.60 seconds
(EngineCore_DP3 pid=1114784) INFO 04-01 20:25:47 [core.py:283] init engine (profile, create kv cache, warmup model) took 5.93 seconds
(EngineCore_DP7 pid=1114773) INFO 04-01 20:25:47 [core.py:283] init engine (profile, create kv cache, warmup model) took 5.84 seconds
(EngineCore_DP6 pid=1114776) INFO 04-01 20:25:47 [core.py:283] init engine (profile, create kv cache, warmup model) took 6.27 seconds
(EngineCore_DP0 pid=1114796) INFO 04-01 20:25:47 [core.py:283] init engine (profile, create kv cache, warmup model) took 6.11 seconds
(EngineCore_DP4 pid=1114815) INFO 04-01 20:25:47 [core.py:283] init engine (profile, create kv cache, warmup model) took 6.88 seconds
(EngineCore_DP2 pid=1114819) WARNING 04-01 20:25:48 [vllm.py:844] Enforce eager set, disabling torch.compile and CUDAGraphs. This is equivalent to setting -cc.mode=none -cc.cudagraph_mode=none
(EngineCore_DP2 pid=1114819) WARNING 04-01 20:25:48 [vllm.py:855] Inductor compilation was disabled by user settings, optimizations settings that are only active during inductor compilation will be ignored.
(EngineCore_DP2 pid=1114819) INFO 04-01 20:25:48 [vllm.py:1021] Cudagraph is disabled under eager mode
(EngineCore_DP3 pid=1114784) WARNING 04-01 20:25:48 [vllm.py:844] Enforce eager set, disabling torch.compile and CUDAGraphs. This is equivalent to setting -cc.mode=none -cc.cudagraph_mode=none
(EngineCore_DP3 pid=1114784) WARNING 04-01 20:25:48 [vllm.py:855] Inductor compilation was disabled by user settings, optimizations settings that are only active during inductor compilation will be ignored.
(EngineCore_DP3 pid=1114784) INFO 04-01 20:25:48 [vllm.py:1021] Cudagraph is disabled under eager mode
(EngineCore_DP0 pid=1114796) WARNING 04-01 20:25:48 [vllm.py:844] Enforce eager set, disabling torch.compile and CUDAGraphs. This is equivalent to setting -cc.mode=none -cc.cudagraph_mode=none
(EngineCore_DP0 pid=1114796) WARNING 04-01 20:25:48 [vllm.py:855] Inductor compilation was disabled by user settings, optimizations settings that are only active during inductor compilation will be ignored.
(EngineCore_DP0 pid=1114796) INFO 04-01 20:25:48 [vllm.py:1021] Cudagraph is disabled under eager mode
(EngineCore_DP6 pid=1114776) WARNING 04-01 20:25:48 [vllm.py:844] Enforce eager set, disabling torch.compile and CUDAGraphs. This is equivalent to setting -cc.mode=none -cc.cudagraph_mode=none
(EngineCore_DP6 pid=1114776) WARNING 04-01 20:25:48 [vllm.py:855] Inductor compilation was disabled by user settings, optimizations settings that are only active during inductor compilation will be ignored.
(EngineCore_DP6 pid=1114776) INFO 04-01 20:25:48 [vllm.py:1021] Cudagraph is disabled under eager mode
(EngineCore_DP7 pid=1114773) WARNING 04-01 20:25:48 [vllm.py:844] Enforce eager set, disabling torch.compile and CUDAGraphs. This is equivalent to setting -cc.mode=none -cc.cudagraph_mode=none
(EngineCore_DP7 pid=1114773) WARNING 04-01 20:25:48 [vllm.py:855] Inductor compilation was disabled by user settings, optimizations settings that are only active during inductor compilation will be ignored.
(EngineCore_DP7 pid=1114773) INFO 04-01 20:25:48 [vllm.py:1021] Cudagraph is disabled under eager mode
(EngineCore_DP5 pid=1114799) WARNING 04-01 20:25:48 [vllm.py:844] Enforce eager set, disabling torch.compile and CUDAGraphs. This is equivalent to setting -cc.mode=none -cc.cudagraph_mode=none
(EngineCore_DP5 pid=1114799) WARNING 04-01 20:25:48 [vllm.py:855] Inductor compilation was disabled by user settings, optimizations settings that are only active during inductor compilation will be ignored.
(EngineCore_DP5 pid=1114799) INFO 04-01 20:25:48 [vllm.py:1021] Cudagraph is disabled under eager mode
(EngineCore_DP1 pid=1114760) WARNING 04-01 20:25:48 [vllm.py:844] Enforce eager set, disabling torch.compile and CUDAGraphs. This is equivalent to setting -cc.mode=none -cc.cudagraph_mode=none
(EngineCore_DP1 pid=1114760) WARNING 04-01 20:25:48 [vllm.py:855] Inductor compilation was disabled by user settings, optimizations settings that are only active during inductor compilation will be ignored.
(EngineCore_DP1 pid=1114760) INFO 04-01 20:25:48 [vllm.py:1021] Cudagraph is disabled under eager mode
(EngineCore_DP4 pid=1114815) WARNING 04-01 20:25:48 [vllm.py:844] Enforce eager set, disabling torch.compile and CUDAGraphs. This is equivalent to setting -cc.mode=none -cc.cudagraph_mode=none
(EngineCore_DP4 pid=1114815) WARNING 04-01 20:25:48 [vllm.py:855] Inductor compilation was disabled by user settings, optimizations settings that are only active during inductor compilation will be ignored.
(EngineCore_DP4 pid=1114815) INFO 04-01 20:25:48 [vllm.py:1021] Cudagraph is disabled under eager mode
[Rank 1] Before reset_step_counter()
[Rank 1] After reset_step_counter()
[Rank 1] Before generate(): prompts=2 output_length=32 placement=on
Rendering prompts:   0%|          | 0/2 [00:00<?, ?it/s]Rendering prompts: 100%|██████████| 2/2 [00:00<00:00, 168.27it/s]
Processed prompts:   0%|          | 0/2 [00:00<?, ?it/s, est. speed input: 0.00 toks/s, output: 0.00 toks/s][Rank 6] Before reset_step_counter()
[Rank 6] After reset_step_counter()
[Rank 6] Before generate(): prompts=2 output_length=32 placement=on
Rendering prompts:   0%|          | 0/2 [00:00<?, ?it/s]Rendering prompts: 100%|██████████| 2/2 [00:00<00:00, 169.28it/s]
Processed prompts:   0%|          | 0/2 [00:00<?, ?it/s, est. speed input: 0.00 toks/s, output: 0.00 toks/s][Rank 4] Before reset_step_counter()
[Rank 4] After reset_step_counter()
[Rank 4] Before generate(): prompts=2 output_length=32 placement=on
Rendering prompts:   0%|          | 0/2 [00:00<?, ?it/s]Rendering prompts: 100%|██████████| 2/2 [00:00<00:00, 165.20it/s]
Processed prompts:   0%|          | 0/2 [00:00<?, ?it/s, est. speed input: 0.00 toks/s, output: 0.00 toks/s][Rank 7] Before reset_step_counter()
[Rank 7] After reset_step_counter()
[Rank 7] Before generate(): prompts=2 output_length=32 placement=on
Rendering prompts:   0%|          | 0/2 [00:00<?, ?it/s]Rendering prompts: 100%|██████████| 2/2 [00:00<00:00, 163.66it/s]
Processed prompts:   0%|          | 0/2 [00:00<?, ?it/s, est. speed input: 0.00 toks/s, output: 0.00 toks/s][Rank 0] compute_placement callback registered on all workers.
[Rank 0] All engines ready. placement=on, tracking=on
[Rank 0] Before reset_step_counter()
[Rank 0] After reset_step_counter()
[Rank 0] Before generate(): prompts=2 output_length=32 placement=on
Rendering prompts:   0%|          | 0/2 [00:00<?, ?it/s]Rendering prompts: 100%|██████████| 2/2 [00:00<00:00, 162.97it/s]
Processed prompts:   0%|          | 0/2 [00:00<?, ?it/s, est. speed input: 0.00 toks/s, output: 0.00 toks/s][Rank 3] Before reset_step_counter()
[Rank 3] After reset_step_counter()
[Rank 3] Before generate(): prompts=2 output_length=32 placement=on
Rendering prompts:   0%|          | 0/2 [00:00<?, ?it/s]Rendering prompts: 100%|██████████| 2/2 [00:00<00:00, 174.97it/s]
Processed prompts:   0%|          | 0/2 [00:00<?, ?it/s, est. speed input: 0.00 toks/s, output: 0.00 toks/s][Rank 2] Before reset_step_counter()
[Rank 2] After reset_step_counter()
[Rank 2] Before generate(): prompts=2 output_length=32 placement=on
Rendering prompts:   0%|          | 0/2 [00:00<?, ?it/s]Rendering prompts: 100%|██████████| 2/2 [00:00<00:00, 162.77it/s]
Processed prompts:   0%|          | 0/2 [00:00<?, ?it/s, est. speed input: 0.00 toks/s, output: 0.00 toks/s][Rank 5] Before reset_step_counter()
[Rank 5] After reset_step_counter()
[Rank 5] Before generate(): prompts=2 output_length=32 placement=on
Rendering prompts:   0%|          | 0/2 [00:00<?, ?it/s]Rendering prompts: 100%|██████████| 2/2 [00:00<00:00, 160.47it/s]
Processed prompts:   0%|          | 0/2 [00:00<?, ?it/s, est. speed input: 0.00 toks/s, output: 0.00 toks/s](Worker_DP1_EP1 pid=1114875) INFO 04-01 20:25:50 [gpu_model_runner.py:3220] [routing] dp_rank=1 entering _on_routing_step with 32 routed layer(s)
(Worker_DP1_EP1 pid=1114875) INFO 04-01 20:25:50 [gpu_model_runner.py:3233] [routing] dp_rank=1 before _aggregate_routing_load
(Worker_DP1_EP1 pid=1114875) INFO 04-01 20:25:50 [gpu_model_runner.py:3108] [routing] dp_rank=1 ep_rank=1 entering _aggregate_routing_load with 32 routed layer(s)
(Worker_DP2_EP2 pid=1114873) INFO 04-01 20:25:50 [gpu_model_runner.py:3220] [routing] dp_rank=2 entering _on_routing_step with 32 routed layer(s)
(Worker_DP2_EP2 pid=1114873) INFO 04-01 20:25:50 [gpu_model_runner.py:3233] [routing] dp_rank=2 before _aggregate_routing_load
(Worker_DP2_EP2 pid=1114873) INFO 04-01 20:25:50 [gpu_model_runner.py:3108] [routing] dp_rank=2 ep_rank=2 entering _aggregate_routing_load with 32 routed layer(s)
(Worker_DP0_EP0 pid=1114870) INFO 04-01 20:25:50 [gpu_model_runner.py:3220] [routing] dp_rank=0 entering _on_routing_step with 32 routed layer(s)
(Worker_DP0_EP0 pid=1114870) INFO 04-01 20:25:50 [gpu_model_runner.py:3233] [routing] dp_rank=0 before _aggregate_routing_load
(Worker_DP0_EP0 pid=1114870) INFO 04-01 20:25:50 [gpu_model_runner.py:3108] [routing] dp_rank=0 ep_rank=0 entering _aggregate_routing_load with 32 routed layer(s)
(Worker_DP4_EP4 pid=1114872) INFO 04-01 20:25:50 [gpu_model_runner.py:3220] [routing] dp_rank=4 entering _on_routing_step with 32 routed layer(s)
(Worker_DP4_EP4 pid=1114872) INFO 04-01 20:25:50 [gpu_model_runner.py:3233] [routing] dp_rank=4 before _aggregate_routing_load
(Worker_DP4_EP4 pid=1114872) INFO 04-01 20:25:50 [gpu_model_runner.py:3108] [routing] dp_rank=4 ep_rank=4 entering _aggregate_routing_load with 32 routed layer(s)
(Worker_DP6_EP6 pid=1114869) INFO 04-01 20:25:50 [gpu_model_runner.py:3220] [routing] dp_rank=6 entering _on_routing_step with 32 routed layer(s)
(Worker_DP6_EP6 pid=1114869) INFO 04-01 20:25:50 [gpu_model_runner.py:3233] [routing] dp_rank=6 before _aggregate_routing_load
(Worker_DP6_EP6 pid=1114869) INFO 04-01 20:25:50 [gpu_model_runner.py:3108] [routing] dp_rank=6 ep_rank=6 entering _aggregate_routing_load with 32 routed layer(s)
(Worker_DP3_EP3 pid=1114868) INFO 04-01 20:25:50 [gpu_model_runner.py:3220] [routing] dp_rank=3 entering _on_routing_step with 32 routed layer(s)
(Worker_DP3_EP3 pid=1114868) INFO 04-01 20:25:50 [gpu_model_runner.py:3233] [routing] dp_rank=3 before _aggregate_routing_load
(Worker_DP3_EP3 pid=1114868) INFO 04-01 20:25:50 [gpu_model_runner.py:3108] [routing] dp_rank=3 ep_rank=3 entering _aggregate_routing_load with 32 routed layer(s)
(Worker_DP7_EP7 pid=1114874) INFO 04-01 20:25:50 [gpu_model_runner.py:3220] [routing] dp_rank=7 entering _on_routing_step with 32 routed layer(s)
(Worker_DP7_EP7 pid=1114874) INFO 04-01 20:25:50 [gpu_model_runner.py:3233] [routing] dp_rank=7 before _aggregate_routing_load
(Worker_DP1_EP1 pid=1114875) INFO 04-01 20:25:50 [gpu_model_runner.py:3153] [routing] dp_rank=1 ep_rank=1 before ep_group.all_reduce shape=(32, 8) local_sum=3904
(Worker_DP7_EP7 pid=1114874) INFO 04-01 20:25:50 [gpu_model_runner.py:3108] [routing] dp_rank=7 ep_rank=7 entering _aggregate_routing_load with 32 routed layer(s)
(Worker_DP5_EP5 pid=1114871) INFO 04-01 20:25:50 [gpu_model_runner.py:3220] [routing] dp_rank=5 entering _on_routing_step with 32 routed layer(s)
(Worker_DP5_EP5 pid=1114871) INFO 04-01 20:25:50 [gpu_model_runner.py:3233] [routing] dp_rank=5 before _aggregate_routing_load
(Worker_DP5_EP5 pid=1114871) INFO 04-01 20:25:50 [gpu_model_runner.py:3108] [routing] dp_rank=5 ep_rank=5 entering _aggregate_routing_load with 32 routed layer(s)
(Worker_DP2_EP2 pid=1114873) INFO 04-01 20:25:50 [gpu_model_runner.py:3153] [routing] dp_rank=2 ep_rank=2 before ep_group.all_reduce shape=(32, 8) local_sum=4416
(Worker_DP0_EP0 pid=1114870) INFO 04-01 20:25:50 [gpu_model_runner.py:3153] [routing] dp_rank=0 ep_rank=0 before ep_group.all_reduce shape=(32, 8) local_sum=5952
(Worker_DP4_EP4 pid=1114872) INFO 04-01 20:25:50 [gpu_model_runner.py:3153] [routing] dp_rank=4 ep_rank=4 before ep_group.all_reduce shape=(32, 8) local_sum=4416
(Worker_DP6_EP6 pid=1114869) INFO 04-01 20:25:50 [gpu_model_runner.py:3153] [routing] dp_rank=6 ep_rank=6 before ep_group.all_reduce shape=(32, 8) local_sum=5568
(Worker_DP3_EP3 pid=1114868) INFO 04-01 20:25:50 [gpu_model_runner.py:3153] [routing] dp_rank=3 ep_rank=3 before ep_group.all_reduce shape=(32, 8) local_sum=4352
(Worker_DP7_EP7 pid=1114874) INFO 04-01 20:25:50 [gpu_model_runner.py:3153] [routing] dp_rank=7 ep_rank=7 before ep_group.all_reduce shape=(32, 8) local_sum=5440
(Worker_DP5_EP5 pid=1114871) INFO 04-01 20:25:50 [gpu_model_runner.py:3153] [routing] dp_rank=5 ep_rank=5 before ep_group.all_reduce shape=(32, 8) local_sum=4160
(Worker_DP0_EP0 pid=1114870) INFO 04-01 20:25:50 [gpu_model_runner.py:3162] [routing] dp_rank=0 ep_rank=0 after ep_group.all_reduce global_sum=38208
(Worker_DP6_EP6 pid=1114869) INFO 04-01 20:25:50 [gpu_model_runner.py:3162] [routing] dp_rank=6 ep_rank=6 after ep_group.all_reduce global_sum=38208
(Worker_DP2_EP2 pid=1114873) INFO 04-01 20:25:50 [gpu_model_runner.py:3162] [routing] dp_rank=2 ep_rank=2 after ep_group.all_reduce global_sum=38208
(Worker_DP5_EP5 pid=1114871) INFO 04-01 20:25:50 [gpu_model_runner.py:3162] [routing] dp_rank=5 ep_rank=5 after ep_group.all_reduce global_sum=38208
(Worker_DP1_EP1 pid=1114875) INFO 04-01 20:25:50 [gpu_model_runner.py:3162] [routing] dp_rank=1 ep_rank=1 after ep_group.all_reduce global_sum=38208
(Worker_DP3_EP3 pid=1114868) INFO 04-01 20:25:50 [gpu_model_runner.py:3162] [routing] dp_rank=3 ep_rank=3 after ep_group.all_reduce global_sum=38208
(Worker_DP4_EP4 pid=1114872) INFO 04-01 20:25:50 [gpu_model_runner.py:3162] [routing] dp_rank=4 ep_rank=4 after ep_group.all_reduce global_sum=38208
(Worker_DP7_EP7 pid=1114874) INFO 04-01 20:25:50 [gpu_model_runner.py:3162] [routing] dp_rank=7 ep_rank=7 after ep_group.all_reduce global_sum=38208
(Worker_DP0_EP0 pid=1114870) INFO 04-01 20:25:50 [gpu_model_runner.py:3192] [routing] dp_rank=0 ep_rank=0 leaving _aggregate_routing_load with 32 layer result(s)
(Worker_DP6_EP6 pid=1114869) INFO 04-01 20:25:50 [gpu_model_runner.py:3192] [routing] dp_rank=6 ep_rank=6 leaving _aggregate_routing_load with 32 layer result(s)
(Worker_DP2_EP2 pid=1114873) INFO 04-01 20:25:50 [gpu_model_runner.py:3192] [routing] dp_rank=2 ep_rank=2 leaving _aggregate_routing_load with 32 layer result(s)
(Worker_DP1_EP1 pid=1114875) INFO 04-01 20:25:50 [gpu_model_runner.py:3192] [routing] dp_rank=1 ep_rank=1 leaving _aggregate_routing_load with 32 layer result(s)
(Worker_DP0_EP0 pid=1114870) INFO 04-01 20:25:50 [gpu_model_runner.py:3237] [routing] dp_rank=0 after _aggregate_routing_load: global_layers=32
(Worker_DP6_EP6 pid=1114869) INFO 04-01 20:25:50 [gpu_model_runner.py:3237] [routing] dp_rank=6 after _aggregate_routing_load: global_layers=32
(Worker_DP2_EP2 pid=1114873) INFO 04-01 20:25:50 [gpu_model_runner.py:3237] [routing] dp_rank=2 after _aggregate_routing_load: global_layers=32
(Worker_DP4_EP4 pid=1114872) INFO 04-01 20:25:50 [gpu_model_runner.py:3192] [routing] dp_rank=4 ep_rank=4 leaving _aggregate_routing_load with 32 layer result(s)
(Worker_DP5_EP5 pid=1114871) INFO 04-01 20:25:50 [gpu_model_runner.py:3192] [routing] dp_rank=5 ep_rank=5 leaving _aggregate_routing_load with 32 layer result(s)
(Worker_DP7_EP7 pid=1114874) INFO 04-01 20:25:50 [gpu_model_runner.py:3192] [routing] dp_rank=7 ep_rank=7 leaving _aggregate_routing_load with 32 layer result(s)
(Worker_DP1_EP1 pid=1114875) INFO 04-01 20:25:50 [gpu_model_runner.py:3237] [routing] dp_rank=1 after _aggregate_routing_load: global_layers=32
(Worker_DP0_EP0 pid=1114870) INFO 04-01 20:25:50 [gpu_model_runner.py:3243] [routing] dp_rank=0 before compute_placement callback
(Worker_DP6_EP6 pid=1114869) INFO 04-01 20:25:50 [gpu_model_runner.py:3243] [routing] dp_rank=6 before compute_placement callback
(Worker_DP2_EP2 pid=1114873) INFO 04-01 20:25:50 [gpu_model_runner.py:3243] [routing] dp_rank=2 before compute_placement callback
(Worker_DP4_EP4 pid=1114872) INFO 04-01 20:25:50 [gpu_model_runner.py:3237] [routing] dp_rank=4 after _aggregate_routing_load: global_layers=32
(Worker_DP3_EP3 pid=1114868) INFO 04-01 20:25:50 [gpu_model_runner.py:3192] [routing] dp_rank=3 ep_rank=3 leaving _aggregate_routing_load with 32 layer result(s)
(Worker_DP5_EP5 pid=1114871) INFO 04-01 20:25:50 [gpu_model_runner.py:3237] [routing] dp_rank=5 after _aggregate_routing_load: global_layers=32
(Worker_DP7_EP7 pid=1114874) INFO 04-01 20:25:50 [gpu_model_runner.py:3237] [routing] dp_rank=7 after _aggregate_routing_load: global_layers=32
(Worker_DP1_EP1 pid=1114875) INFO 04-01 20:25:50 [gpu_model_runner.py:3243] [routing] dp_rank=1 before compute_placement callback
(Worker_DP4_EP4 pid=1114872) INFO 04-01 20:25:50 [gpu_model_runner.py:3243] [routing] dp_rank=4 before compute_placement callback
(Worker_DP3_EP3 pid=1114868) INFO 04-01 20:25:50 [gpu_model_runner.py:3237] [routing] dp_rank=3 after _aggregate_routing_load: global_layers=32
(Worker_DP5_EP5 pid=1114871) INFO 04-01 20:25:50 [gpu_model_runner.py:3243] [routing] dp_rank=5 before compute_placement callback
(Worker_DP7_EP7 pid=1114874) INFO 04-01 20:25:50 [gpu_model_runner.py:3243] [routing] dp_rank=7 before compute_placement callback
(Worker_DP3_EP3 pid=1114868) INFO 04-01 20:25:50 [gpu_model_runner.py:3243] [routing] dp_rank=3 before compute_placement callback
(Worker_DP1_EP1 pid=1114875) INFO 04-01 20:25:50 [gpu_model_runner.py:3245] [routing] dp_rank=1 after compute_placement callback: has_placement=True
(Worker_DP0_EP0 pid=1114870) INFO 04-01 20:25:50 [gpu_model_runner.py:3245] [routing] dp_rank=0 after compute_placement callback: has_placement=True
(Worker_DP6_EP6 pid=1114869) INFO 04-01 20:25:50 [gpu_model_runner.py:3245] [routing] dp_rank=6 after compute_placement callback: has_placement=True
(Worker_DP2_EP2 pid=1114873) INFO 04-01 20:25:50 [gpu_model_runner.py:3245] [routing] dp_rank=2 after compute_placement callback: has_placement=True
(Worker_DP1_EP1 pid=1114875) INFO 04-01 20:25:50 [gpu_model_runner.py:3256] [routing] dp_rank=1 stored dynamic placement config
(Worker_DP0_EP0 pid=1114870) INFO 04-01 20:25:50 [gpu_model_runner.py:3256] [routing] dp_rank=0 stored dynamic placement config
(Worker_DP6_EP6 pid=1114869) INFO 04-01 20:25:50 [gpu_model_runner.py:3256] [routing] dp_rank=6 stored dynamic placement config
(Worker_DP2_EP2 pid=1114873) INFO 04-01 20:25:50 [gpu_model_runner.py:3256] [routing] dp_rank=2 stored dynamic placement config
(Worker_DP1_EP1 pid=1114875) INFO 04-01 20:25:50 [gpu_model_runner.py:3268] [routing] dp_rank=1 leaving _on_routing_step
(Worker_DP0_EP0 pid=1114870) INFO 04-01 20:25:50 [gpu_model_runner.py:3268] [routing] dp_rank=0 leaving _on_routing_step
(Worker_DP6_EP6 pid=1114869) INFO 04-01 20:25:50 [gpu_model_runner.py:3268] [routing] dp_rank=6 leaving _on_routing_step
(Worker_DP7_EP7 pid=1114874) INFO 04-01 20:25:50 [gpu_model_runner.py:3245] [routing] dp_rank=7 after compute_placement callback: has_placement=True
(Worker_DP2_EP2 pid=1114873) INFO 04-01 20:25:50 [gpu_model_runner.py:3268] [routing] dp_rank=2 leaving _on_routing_step
(Worker_DP5_EP5 pid=1114871) INFO 04-01 20:25:50 [gpu_model_runner.py:3245] [routing] dp_rank=5 after compute_placement callback: has_placement=True
(Worker_DP7_EP7 pid=1114874) INFO 04-01 20:25:50 [gpu_model_runner.py:3256] [routing] dp_rank=7 stored dynamic placement config
(Worker_DP3_EP3 pid=1114868) INFO 04-01 20:25:50 [gpu_model_runner.py:3245] [routing] dp_rank=3 after compute_placement callback: has_placement=True
(Worker_DP5_EP5 pid=1114871) INFO 04-01 20:25:50 [gpu_model_runner.py:3256] [routing] dp_rank=5 stored dynamic placement config
(Worker_DP7_EP7 pid=1114874) INFO 04-01 20:25:50 [gpu_model_runner.py:3268] [routing] dp_rank=7 leaving _on_routing_step
(Worker_DP3_EP3 pid=1114868) INFO 04-01 20:25:50 [gpu_model_runner.py:3256] [routing] dp_rank=3 stored dynamic placement config
(Worker_DP5_EP5 pid=1114871) INFO 04-01 20:25:50 [gpu_model_runner.py:3268] [routing] dp_rank=5 leaving _on_routing_step
(Worker_DP3_EP3 pid=1114868) INFO 04-01 20:25:50 [gpu_model_runner.py:3268] [routing] dp_rank=3 leaving _on_routing_step
(Worker_DP4_EP4 pid=1114872) INFO 04-01 20:25:50 [gpu_model_runner.py:3245] [routing] dp_rank=4 after compute_placement callback: has_placement=True
(Worker_DP4_EP4 pid=1114872) INFO 04-01 20:25:50 [gpu_model_runner.py:3256] [routing] dp_rank=4 stored dynamic placement config
(Worker_DP4_EP4 pid=1114872) INFO 04-01 20:25:50 [gpu_model_runner.py:3268] [routing] dp_rank=4 leaving _on_routing_step
(Worker_DP1_EP1 pid=1114875) INFO 04-01 20:25:51 [gpu_model_runner.py:3220] [routing] dp_rank=1 entering _on_routing_step with 32 routed layer(s)
(Worker_DP4_EP4 pid=1114872) INFO 04-01 20:25:51 [gpu_model_runner.py:3220] [routing] dp_rank=4 entering _on_routing_step with 32 routed layer(s)
(Worker_DP7_EP7 pid=1114874) INFO 04-01 20:25:51 [gpu_model_runner.py:3220] [routing] dp_rank=7 entering _on_routing_step with 32 routed layer(s)
(Worker_DP1_EP1 pid=1114875) INFO 04-01 20:25:51 [gpu_model_runner.py:3233] [routing] dp_rank=1 before _aggregate_routing_load
(Worker_DP4_EP4 pid=1114872) INFO 04-01 20:25:51 [gpu_model_runner.py:3233] [routing] dp_rank=4 before _aggregate_routing_load
(Worker_DP1_EP1 pid=1114875) INFO 04-01 20:25:51 [gpu_model_runner.py:3108] [routing] dp_rank=1 ep_rank=1 entering _aggregate_routing_load with 32 routed layer(s)
(Worker_DP7_EP7 pid=1114874) INFO 04-01 20:25:51 [gpu_model_runner.py:3233] [routing] dp_rank=7 before _aggregate_routing_load
(Worker_DP4_EP4 pid=1114872) INFO 04-01 20:25:51 [gpu_model_runner.py:3108] [routing] dp_rank=4 ep_rank=4 entering _aggregate_routing_load with 32 routed layer(s)
(Worker_DP7_EP7 pid=1114874) INFO 04-01 20:25:51 [gpu_model_runner.py:3108] [routing] dp_rank=7 ep_rank=7 entering _aggregate_routing_load with 32 routed layer(s)
(Worker_DP2_EP2 pid=1114873) INFO 04-01 20:25:51 [gpu_model_runner.py:3220] [routing] dp_rank=2 entering _on_routing_step with 32 routed layer(s)
(Worker_DP3_EP3 pid=1114868) INFO 04-01 20:25:51 [gpu_model_runner.py:3220] [routing] dp_rank=3 entering _on_routing_step with 32 routed layer(s)
(Worker_DP2_EP2 pid=1114873) INFO 04-01 20:25:51 [gpu_model_runner.py:3233] [routing] dp_rank=2 before _aggregate_routing_load
(Worker_DP3_EP3 pid=1114868) INFO 04-01 20:25:51 [gpu_model_runner.py:3233] [routing] dp_rank=3 before _aggregate_routing_load
(Worker_DP5_EP5 pid=1114871) INFO 04-01 20:25:51 [gpu_model_runner.py:3220] [routing] dp_rank=5 entering _on_routing_step with 32 routed layer(s)
(Worker_DP6_EP6 pid=1114869) INFO 04-01 20:25:51 [gpu_model_runner.py:3220] [routing] dp_rank=6 entering _on_routing_step with 32 routed layer(s)
(Worker_DP2_EP2 pid=1114873) INFO 04-01 20:25:51 [gpu_model_runner.py:3108] [routing] dp_rank=2 ep_rank=2 entering _aggregate_routing_load with 32 routed layer(s)
(Worker_DP3_EP3 pid=1114868) INFO 04-01 20:25:51 [gpu_model_runner.py:3108] [routing] dp_rank=3 ep_rank=3 entering _aggregate_routing_load with 32 routed layer(s)
(Worker_DP5_EP5 pid=1114871) INFO 04-01 20:25:51 [gpu_model_runner.py:3233] [routing] dp_rank=5 before _aggregate_routing_load
(Worker_DP6_EP6 pid=1114869) INFO 04-01 20:25:51 [gpu_model_runner.py:3233] [routing] dp_rank=6 before _aggregate_routing_load
(Worker_DP5_EP5 pid=1114871) INFO 04-01 20:25:51 [gpu_model_runner.py:3108] [routing] dp_rank=5 ep_rank=5 entering _aggregate_routing_load with 32 routed layer(s)
(Worker_DP6_EP6 pid=1114869) INFO 04-01 20:25:51 [gpu_model_runner.py:3108] [routing] dp_rank=6 ep_rank=6 entering _aggregate_routing_load with 32 routed layer(s)
(Worker_DP0_EP0 pid=1114870) INFO 04-01 20:25:51 [gpu_model_runner.py:3220] [routing] dp_rank=0 entering _on_routing_step with 32 routed layer(s)
(Worker_DP0_EP0 pid=1114870) INFO 04-01 20:25:51 [gpu_model_runner.py:3233] [routing] dp_rank=0 before _aggregate_routing_load
(Worker_DP0_EP0 pid=1114870) INFO 04-01 20:25:51 [gpu_model_runner.py:3108] [routing] dp_rank=0 ep_rank=0 entering _aggregate_routing_load with 32 routed layer(s)
(Worker_DP1_EP1 pid=1114875) INFO 04-01 20:25:51 [gpu_model_runner.py:3153] [routing] dp_rank=1 ep_rank=1 before ep_group.all_reduce shape=(32, 8) local_sum=4352
(Worker_DP4_EP4 pid=1114872) INFO 04-01 20:25:51 [gpu_model_runner.py:3153] [routing] dp_rank=4 ep_rank=4 before ep_group.all_reduce shape=(32, 8) local_sum=4800
(Worker_DP7_EP7 pid=1114874) INFO 04-01 20:25:51 [gpu_model_runner.py:3153] [routing] dp_rank=7 ep_rank=7 before ep_group.all_reduce shape=(32, 8) local_sum=3840
(Worker_DP2_EP2 pid=1114873) INFO 04-01 20:25:51 [gpu_model_runner.py:3153] [routing] dp_rank=2 ep_rank=2 before ep_group.all_reduce shape=(32, 8) local_sum=4288
(Worker_DP3_EP3 pid=1114868) INFO 04-01 20:25:51 [gpu_model_runner.py:3153] [routing] dp_rank=3 ep_rank=3 before ep_group.all_reduce shape=(32, 8) local_sum=4416
(Worker_DP5_EP5 pid=1114871) INFO 04-01 20:25:51 [gpu_model_runner.py:3153] [routing] dp_rank=5 ep_rank=5 before ep_group.all_reduce shape=(32, 8) local_sum=4416
(Worker_DP6_EP6 pid=1114869) INFO 04-01 20:25:51 [gpu_model_runner.py:3153] [routing] dp_rank=6 ep_rank=6 before ep_group.all_reduce shape=(32, 8) local_sum=4928
(Worker_DP0_EP0 pid=1114870) INFO 04-01 20:25:51 [gpu_model_runner.py:3153] [routing] dp_rank=0 ep_rank=0 before ep_group.all_reduce shape=(32, 8) local_sum=4544
(Worker_DP7_EP7 pid=1114874) INFO 04-01 20:25:51 [gpu_model_runner.py:3162] [routing] dp_rank=7 ep_rank=7 after ep_group.all_reduce global_sum=35584
(Worker_DP6_EP6 pid=1114869) INFO 04-01 20:25:51 [gpu_model_runner.py:3162] [routing] dp_rank=6 ep_rank=6 after ep_group.all_reduce global_sum=35584
(Worker_DP1_EP1 pid=1114875) INFO 04-01 20:25:51 [gpu_model_runner.py:3162] [routing] dp_rank=1 ep_rank=1 after ep_group.all_reduce global_sum=35584
(Worker_DP4_EP4 pid=1114872) INFO 04-01 20:25:51 [gpu_model_runner.py:3162] [routing] dp_rank=4 ep_rank=4 after ep_group.all_reduce global_sum=35584
(Worker_DP2_EP2 pid=1114873) INFO 04-01 20:25:51 [gpu_model_runner.py:3162] [routing] dp_rank=2 ep_rank=2 after ep_group.all_reduce global_sum=35584
(Worker_DP0_EP0 pid=1114870) INFO 04-01 20:25:51 [gpu_model_runner.py:3162] [routing] dp_rank=0 ep_rank=0 after ep_group.all_reduce global_sum=35584
(Worker_DP3_EP3 pid=1114868) INFO 04-01 20:25:51 [gpu_model_runner.py:3162] [routing] dp_rank=3 ep_rank=3 after ep_group.all_reduce global_sum=35584
(Worker_DP5_EP5 pid=1114871) INFO 04-01 20:25:51 [gpu_model_runner.py:3162] [routing] dp_rank=5 ep_rank=5 after ep_group.all_reduce global_sum=35584
(Worker_DP7_EP7 pid=1114874) INFO 04-01 20:25:51 [gpu_model_runner.py:3192] [routing] dp_rank=7 ep_rank=7 leaving _aggregate_routing_load with 32 layer result(s)
(Worker_DP1_EP1 pid=1114875) INFO 04-01 20:25:51 [gpu_model_runner.py:3192] [routing] dp_rank=1 ep_rank=1 leaving _aggregate_routing_load with 32 layer result(s)
(Worker_DP6_EP6 pid=1114869) INFO 04-01 20:25:51 [gpu_model_runner.py:3192] [routing] dp_rank=6 ep_rank=6 leaving _aggregate_routing_load with 32 layer result(s)
(Worker_DP4_EP4 pid=1114872) INFO 04-01 20:25:51 [gpu_model_runner.py:3192] [routing] dp_rank=4 ep_rank=4 leaving _aggregate_routing_load with 32 layer result(s)
(Worker_DP7_EP7 pid=1114874) INFO 04-01 20:25:51 [gpu_model_runner.py:3237] [routing] dp_rank=7 after _aggregate_routing_load: global_layers=32
(Worker_DP2_EP2 pid=1114873) INFO 04-01 20:25:51 [gpu_model_runner.py:3192] [routing] dp_rank=2 ep_rank=2 leaving _aggregate_routing_load with 32 layer result(s)
(Worker_DP0_EP0 pid=1114870) INFO 04-01 20:25:51 [gpu_model_runner.py:3192] [routing] dp_rank=0 ep_rank=0 leaving _aggregate_routing_load with 32 layer result(s)
(Worker_DP3_EP3 pid=1114868) INFO 04-01 20:25:51 [gpu_model_runner.py:3192] [routing] dp_rank=3 ep_rank=3 leaving _aggregate_routing_load with 32 layer result(s)
(Worker_DP1_EP1 pid=1114875) INFO 04-01 20:25:51 [gpu_model_runner.py:3237] [routing] dp_rank=1 after _aggregate_routing_load: global_layers=32
(Worker_DP6_EP6 pid=1114869) INFO 04-01 20:25:51 [gpu_model_runner.py:3237] [routing] dp_rank=6 after _aggregate_routing_load: global_layers=32
(Worker_DP4_EP4 pid=1114872) INFO 04-01 20:25:51 [gpu_model_runner.py:3237] [routing] dp_rank=4 after _aggregate_routing_load: global_layers=32
(Worker_DP5_EP5 pid=1114871) INFO 04-01 20:25:51 [gpu_model_runner.py:3192] [routing] dp_rank=5 ep_rank=5 leaving _aggregate_routing_load with 32 layer result(s)
(Worker_DP7_EP7 pid=1114874) INFO 04-01 20:25:51 [gpu_model_runner.py:3243] [routing] dp_rank=7 before compute_placement callback
(Worker_DP2_EP2 pid=1114873) INFO 04-01 20:25:51 [gpu_model_runner.py:3237] [routing] dp_rank=2 after _aggregate_routing_load: global_layers=32
(Worker_DP0_EP0 pid=1114870) INFO 04-01 20:25:51 [gpu_model_runner.py:3237] [routing] dp_rank=0 after _aggregate_routing_load: global_layers=32
(Worker_DP3_EP3 pid=1114868) INFO 04-01 20:25:51 [gpu_model_runner.py:3237] [routing] dp_rank=3 after _aggregate_routing_load: global_layers=32
(Worker_DP1_EP1 pid=1114875) INFO 04-01 20:25:51 [gpu_model_runner.py:3243] [routing] dp_rank=1 before compute_placement callback
(Worker_DP6_EP6 pid=1114869) INFO 04-01 20:25:51 [gpu_model_runner.py:3243] [routing] dp_rank=6 before compute_placement callback
(Worker_DP4_EP4 pid=1114872) INFO 04-01 20:25:51 [gpu_model_runner.py:3243] [routing] dp_rank=4 before compute_placement callback
(Worker_DP5_EP5 pid=1114871) INFO 04-01 20:25:51 [gpu_model_runner.py:3237] [routing] dp_rank=5 after _aggregate_routing_load: global_layers=32
(Worker_DP2_EP2 pid=1114873) INFO 04-01 20:25:51 [gpu_model_runner.py:3243] [routing] dp_rank=2 before compute_placement callback
(Worker_DP0_EP0 pid=1114870) INFO 04-01 20:25:51 [gpu_model_runner.py:3243] [routing] dp_rank=0 before compute_placement callback
(Worker_DP3_EP3 pid=1114868) INFO 04-01 20:25:51 [gpu_model_runner.py:3243] [routing] dp_rank=3 before compute_placement callback
(Worker_DP5_EP5 pid=1114871) INFO 04-01 20:25:51 [gpu_model_runner.py:3243] [routing] dp_rank=5 before compute_placement callback
(Worker_DP1_EP1 pid=1114875) INFO 04-01 20:25:51 [gpu_model_runner.py:3245] [routing] dp_rank=1 after compute_placement callback: has_placement=True
(Worker_DP7_EP7 pid=1114874) INFO 04-01 20:25:51 [gpu_model_runner.py:3245] [routing] dp_rank=7 after compute_placement callback: has_placement=True
(Worker_DP1_EP1 pid=1114875) INFO 04-01 20:25:51 [gpu_model_runner.py:3256] [routing] dp_rank=1 stored dynamic placement config
(Worker_DP4_EP4 pid=1114872) INFO 04-01 20:25:51 [gpu_model_runner.py:3245] [routing] dp_rank=4 after compute_placement callback: has_placement=True
(Worker_DP6_EP6 pid=1114869) INFO 04-01 20:25:51 [gpu_model_runner.py:3245] [routing] dp_rank=6 after compute_placement callback: has_placement=True
